// Jest Snapshot v1, https://goo.gl/fbAQLP

exports[`Storyshots App Scene should Render 1`] = `
<View
  style={
    Object {
      "alignItems": "center",
      "backgroundColor": "#F5FCFF",
      "flex": 1,
      "justifyContent": "center",
    }
  }
>
  <View
    style={
      Object {
        "alignItems": "center",
        "backgroundColor": "#F5FCFF",
        "flex": 1,
        "justifyContent": "center",
      }
    }
  >
    <View
      accessibilityComponentType={undefined}
      accessibilityLabel={undefined}
      accessibilityTraits={undefined}
      accessible={true}
      hasTVPreferredFocus={undefined}
      hitSlop={undefined}
      isTVSelectable={true}
      onLayout={undefined}
      onResponderGrant={[Function]}
      onResponderMove={[Function]}
      onResponderRelease={[Function]}
      onResponderTerminate={[Function]}
      onResponderTerminationRequest={[Function]}
      onStartShouldSetResponder={[Function]}
      style={
        Array [
          Object {
            "backgroundColor": "transparent",
          },
          undefined,
        ]
      }
      testID={undefined}
      tvParallaxProperties={undefined}
    >
      <View
        style={
          Array [
            Object {
              "alignItems": "center",
              "backgroundColor": "#9E9E9E",
              "flexDirection": "row",
              "justifyContent": "center",
              "marginLeft": 15,
              "marginRight": 15,
              "padding": 19,
            },
            undefined,
            undefined,
            undefined,
            undefined,
            undefined,
            undefined,
            undefined,
            undefined,
            Object {
              "padding": 12,
            },
            undefined,
            undefined,
            undefined,
          ]
        }
      >
        <Text
          accessible={true}
          allowFontScaling={false}
          ellipsizeMode="tail"
          style={
            Array [
              Object {
                "color": "white",
                "fontSize": 18,
              },
              Array [
                Object {
                  "marginRight": 10,
                },
                undefined,
              ],
              Object {
                "fontFamily": "FontAwesome",
                "fontStyle": "normal",
                "fontWeight": "normal",
              },
            ]
          }
        >
          ï€†
        </Text>
        <Text
          accessible={true}
          allowFontScaling={true}
          ellipsizeMode="tail"
          style={
            Array [
              Object {},
              undefined,
              undefined,
              undefined,
              undefined,
              undefined,
              undefined,
              undefined,
              undefined,
              undefined,
              Array [
                Object {
                  "color": "white",
                  "fontSize": 20,
                },
                undefined,
                Object {
                  "fontSize": 17.5,
                },
                undefined,
                undefined,
                undefined,
                undefined,
              ],
            ]
          }
        >
          Get Stars 
        </Text>
      </View>
    </View>
    <View
      accessibilityComponentType={undefined}
      accessibilityLabel={undefined}
      accessibilityTraits={undefined}
      accessible={true}
      hasTVPreferredFocus={undefined}
      hitSlop={undefined}
      isTVSelectable={true}
      onLayout={undefined}
      onResponderGrant={[Function]}
      onResponderMove={[Function]}
      onResponderRelease={[Function]}
      onResponderTerminate={[Function]}
      onResponderTerminationRequest={[Function]}
      onStartShouldSetResponder={[Function]}
      style={
        Array [
          Object {
            "backgroundColor": "transparent",
          },
          undefined,
        ]
      }
      testID={undefined}
      tvParallaxProperties={undefined}
    >
      <View
        style={
          Array [
            Object {
              "alignItems": "center",
              "backgroundColor": "#9E9E9E",
              "flexDirection": "row",
              "justifyContent": "center",
              "marginLeft": 15,
              "marginRight": 15,
              "padding": 19,
            },
            undefined,
            undefined,
            undefined,
            undefined,
            undefined,
            undefined,
            undefined,
            undefined,
            Object {
              "padding": 12,
            },
            undefined,
            undefined,
            undefined,
          ]
        }
      >
        <Text
          accessible={true}
          allowFontScaling={true}
          ellipsizeMode="tail"
          style={
            Array [
              Object {},
              undefined,
              undefined,
              undefined,
              undefined,
              undefined,
              undefined,
              undefined,
              undefined,
              undefined,
              Array [
                Object {
                  "color": "white",
                  "fontSize": 20,
                },
                undefined,
                Object {
                  "fontSize": 17.5,
                },
                undefined,
                undefined,
                undefined,
                undefined,
              ],
            ]
          }
        >
          Star us on github! It really helps us out
        </Text>
      </View>
    </View>
  </View>
</View>
`;

exports[`Storyshots Link with text 1`] = `
<View
  accessibilityComponentType={undefined}
  accessibilityLabel={undefined}
  accessibilityTraits={undefined}
  accessible={true}
  hasTVPreferredFocus={undefined}
  hitSlop={undefined}
  isTVSelectable={true}
  onLayout={undefined}
  onResponderGrant={[Function]}
  onResponderMove={[Function]}
  onResponderRelease={[Function]}
  onResponderTerminate={[Function]}
  onResponderTerminationRequest={[Function]}
  onStartShouldSetResponder={[Function]}
  style={
    Array [
      Object {
        "backgroundColor": "transparent",
      },
      undefined,
    ]
  }
  testID={undefined}
  tvParallaxProperties={undefined}
>
  <View
    style={
      Array [
        Object {
          "alignItems": "center",
          "backgroundColor": "#9E9E9E",
          "flexDirection": "row",
          "justifyContent": "center",
          "marginLeft": 15,
          "marginRight": 15,
          "padding": 19,
        },
        undefined,
        undefined,
        undefined,
        undefined,
        undefined,
        undefined,
        undefined,
        undefined,
        Object {
          "padding": 12,
        },
        undefined,
        undefined,
        undefined,
      ]
    }
  >
    <Text
      accessible={true}
      allowFontScaling={true}
      ellipsizeMode="tail"
      style={
        Array [
          Object {},
          undefined,
          undefined,
          undefined,
          undefined,
          undefined,
          undefined,
          undefined,
          undefined,
          undefined,
          Array [
            Object {
              "color": "white",
              "fontSize": 20,
            },
            undefined,
            Object {
              "fontSize": 17.5,
            },
            undefined,
            undefined,
            undefined,
            undefined,
          ],
        ]
      }
    >
      test
    </Text>
  </View>
</View>
`;

exports[`Storyshots Link with url 1`] = `
<View
  accessibilityComponentType={undefined}
  accessibilityLabel={undefined}
  accessibilityTraits={undefined}
  accessible={true}
  hasTVPreferredFocus={undefined}
  hitSlop={undefined}
  isTVSelectable={true}
  onLayout={undefined}
  onResponderGrant={[Function]}
  onResponderMove={[Function]}
  onResponderRelease={[Function]}
  onResponderTerminate={[Function]}
  onResponderTerminationRequest={[Function]}
  onStartShouldSetResponder={[Function]}
  style={
    Array [
      Object {
        "backgroundColor": "transparent",
      },
      undefined,
    ]
  }
  testID={undefined}
  tvParallaxProperties={undefined}
>
  <View
    style={
      Array [
        Object {
          "alignItems": "center",
          "backgroundColor": "#9E9E9E",
          "flexDirection": "row",
          "justifyContent": "center",
          "marginLeft": 15,
          "marginRight": 15,
          "padding": 19,
        },
        undefined,
        undefined,
        undefined,
        undefined,
        undefined,
        undefined,
        undefined,
        undefined,
        Object {
          "padding": 12,
        },
        undefined,
        undefined,
        undefined,
      ]
    }
  >
    <Text
      accessible={true}
      allowFontScaling={true}
      ellipsizeMode="tail"
      style={
        Array [
          Object {},
          undefined,
          undefined,
          undefined,
          undefined,
          undefined,
          undefined,
          undefined,
          undefined,
          undefined,
          Array [
            Object {
              "color": "white",
              "fontSize": 20,
            },
            undefined,
            Object {
              "fontSize": 17.5,
            },
            undefined,
            undefined,
            undefined,
            undefined,
          ],
        ]
      }
    />
  </View>
</View>
`;

exports[`Storyshots Stars with no onClick 1`] = `
<View
  style={
    Object {
      "alignItems": "center",
      "backgroundColor": "#F5FCFF",
      "flex": 1,
      "justifyContent": "center",
    }
  }
>
  <View
    accessibilityComponentType={undefined}
    accessibilityLabel={undefined}
    accessibilityTraits={undefined}
    accessible={true}
    hasTVPreferredFocus={undefined}
    hitSlop={undefined}
    isTVSelectable={true}
    onLayout={undefined}
    onResponderGrant={[Function]}
    onResponderMove={[Function]}
    onResponderRelease={[Function]}
    onResponderTerminate={[Function]}
    onResponderTerminationRequest={[Function]}
    onStartShouldSetResponder={[Function]}
    style={
      Array [
        Object {
          "backgroundColor": "transparent",
        },
        undefined,
      ]
    }
    testID={undefined}
    tvParallaxProperties={undefined}
  >
    <View
      style={
        Array [
          Object {
            "alignItems": "center",
            "backgroundColor": "#9E9E9E",
            "flexDirection": "row",
            "justifyContent": "center",
            "marginLeft": 15,
            "marginRight": 15,
            "padding": 19,
          },
          undefined,
          undefined,
          undefined,
          undefined,
          undefined,
          undefined,
          undefined,
          undefined,
          Object {
            "padding": 12,
          },
          undefined,
          undefined,
          undefined,
        ]
      }
    >
      <Text
        accessible={true}
        allowFontScaling={false}
        ellipsizeMode="tail"
        style={
          Array [
            Object {
              "color": "white",
              "fontSize": 18,
            },
            Array [
              Object {
                "marginRight": 10,
              },
              undefined,
            ],
            Object {
              "fontFamily": "FontAwesome",
              "fontStyle": "normal",
              "fontWeight": "normal",
            },
          ]
        }
      >
        ï€…
      </Text>
      <Text
        accessible={true}
        allowFontScaling={true}
        ellipsizeMode="tail"
        style={
          Array [
            Object {},
            undefined,
            undefined,
            undefined,
            undefined,
            undefined,
            undefined,
            undefined,
            undefined,
            undefined,
            Array [
              Object {
                "color": "white",
                "fontSize": 20,
              },
              undefined,
              Object {
                "fontSize": 17.5,
              },
              undefined,
              undefined,
              undefined,
              undefined,
            ],
          ]
        }
      >
        undefined stars 
      </Text>
    </View>
  </View>
  <View
    accessibilityComponentType={undefined}
    accessibilityLabel={undefined}
    accessibilityTraits={undefined}
    accessible={true}
    hasTVPreferredFocus={undefined}
    hitSlop={undefined}
    isTVSelectable={true}
    onLayout={undefined}
    onResponderGrant={[Function]}
    onResponderMove={[Function]}
    onResponderRelease={[Function]}
    onResponderTerminate={[Function]}
    onResponderTerminationRequest={[Function]}
    onStartShouldSetResponder={[Function]}
    style={
      Array [
        Object {
          "backgroundColor": "transparent",
        },
        undefined,
      ]
    }
    testID={undefined}
    tvParallaxProperties={undefined}
  >
    <View
      style={
        Array [
          Object {
            "alignItems": "center",
            "backgroundColor": "#9E9E9E",
            "flexDirection": "row",
            "justifyContent": "center",
            "marginLeft": 15,
            "marginRight": 15,
            "padding": 19,
          },
          undefined,
          undefined,
          undefined,
          undefined,
          undefined,
          undefined,
          undefined,
          undefined,
          Object {
            "padding": 12,
          },
          undefined,
          undefined,
          undefined,
        ]
      }
    >
      <Text
        accessible={true}
        allowFontScaling={true}
        ellipsizeMode="tail"
        style={
          Array [
            Object {},
            undefined,
            undefined,
            undefined,
            undefined,
            undefined,
            undefined,
            undefined,
            undefined,
            undefined,
            Array [
              Object {
                "color": "white",
                "fontSize": 20,
              },
              undefined,
              Object {
                "fontSize": 17.5,
              },
              undefined,
              undefined,
              undefined,
              undefined,
            ],
          ]
        }
      >
        Star us on github! It really helps us out
      </Text>
    </View>
  </View>
</View>
`;

exports[`Storyshots Stars with some emoji 1`] = `
<View
  style={
    Object {
      "alignItems": "center",
      "backgroundColor": "#F5FCFF",
      "flex": 1,
      "justifyContent": "center",
    }
  }
>
  <View
    accessibilityComponentType={undefined}
    accessibilityLabel={undefined}
    accessibilityTraits={undefined}
    accessible={true}
    hasTVPreferredFocus={undefined}
    hitSlop={undefined}
    isTVSelectable={true}
    onLayout={undefined}
    onResponderGrant={[Function]}
    onResponderMove={[Function]}
    onResponderRelease={[Function]}
    onResponderTerminate={[Function]}
    onResponderTerminationRequest={[Function]}
    onStartShouldSetResponder={[Function]}
    style={
      Array [
        Object {
          "backgroundColor": "transparent",
        },
        undefined,
      ]
    }
    testID={undefined}
    tvParallaxProperties={undefined}
  >
    <View
      style={
        Array [
          Object {
            "alignItems": "center",
            "backgroundColor": "#9E9E9E",
            "flexDirection": "row",
            "justifyContent": "center",
            "marginLeft": 15,
            "marginRight": 15,
            "padding": 19,
          },
          undefined,
          undefined,
          undefined,
          undefined,
          undefined,
          undefined,
          undefined,
          undefined,
          Object {
            "padding": 12,
          },
          undefined,
          undefined,
          undefined,
        ]
      }
    >
      <Text
        accessible={true}
        allowFontScaling={false}
        ellipsizeMode="tail"
        style={
          Array [
            Object {
              "color": "white",
              "fontSize": 18,
            },
            Array [
              Object {
                "marginRight": 10,
              },
              undefined,
            ],
            Object {
              "fontFamily": "FontAwesome",
              "fontStyle": "normal",
              "fontWeight": "normal",
            },
          ]
        }
      >
        ï€…
      </Text>
      <Text
        accessible={true}
        allowFontScaling={true}
        ellipsizeMode="tail"
        style={
          Array [
            Object {},
            undefined,
            undefined,
            undefined,
            undefined,
            undefined,
            undefined,
            undefined,
            undefined,
            undefined,
            Array [
              Object {
                "color": "white",
                "fontSize": 20,
              },
              undefined,
              Object {
                "fontSize": 17.5,
              },
              undefined,
              undefined,
              undefined,
              undefined,
            ],
          ]
        }
      >
        undefined stars 
      </Text>
    </View>
  </View>
  <View
    accessibilityComponentType={undefined}
    accessibilityLabel={undefined}
    accessibilityTraits={undefined}
    accessible={true}
    hasTVPreferredFocus={undefined}
    hitSlop={undefined}
    isTVSelectable={true}
    onLayout={undefined}
    onResponderGrant={[Function]}
    onResponderMove={[Function]}
    onResponderRelease={[Function]}
    onResponderTerminate={[Function]}
    onResponderTerminationRequest={[Function]}
    onStartShouldSetResponder={[Function]}
    style={
      Array [
        Object {
          "backgroundColor": "transparent",
        },
        undefined,
      ]
    }
    testID={undefined}
    tvParallaxProperties={undefined}
  >
    <View
      style={
        Array [
          Object {
            "alignItems": "center",
            "backgroundColor": "#9E9E9E",
            "flexDirection": "row",
            "justifyContent": "center",
            "marginLeft": 15,
            "marginRight": 15,
            "padding": 19,
          },
          undefined,
          undefined,
          undefined,
          undefined,
          undefined,
          undefined,
          undefined,
          undefined,
          Object {
            "padding": 12,
          },
          undefined,
          undefined,
          undefined,
        ]
      }
    >
      <Text
        accessible={true}
        allowFontScaling={true}
        ellipsizeMode="tail"
        style={
          Array [
            Object {},
            undefined,
            undefined,
            undefined,
            undefined,
            undefined,
            undefined,
            undefined,
            undefined,
            undefined,
            Array [
              Object {
                "color": "white",
                "fontSize": 20,
              },
              undefined,
              Object {
                "fontSize": 17.5,
              },
              undefined,
              undefined,
              undefined,
              undefined,
            ],
          ]
        }
      >
        Star us on github! It really helps us out
      </Text>
    </View>
  </View>
</View>
`;

exports[`Storyshots Stars with text 1`] = `
<View
  style={
    Object {
      "alignItems": "center",
      "backgroundColor": "#F5FCFF",
      "flex": 1,
      "justifyContent": "center",
    }
  }
>
  <View
    accessibilityComponentType={undefined}
    accessibilityLabel={undefined}
    accessibilityTraits={undefined}
    accessible={true}
    hasTVPreferredFocus={undefined}
    hitSlop={undefined}
    isTVSelectable={true}
    onLayout={undefined}
    onResponderGrant={[Function]}
    onResponderMove={[Function]}
    onResponderRelease={[Function]}
    onResponderTerminate={[Function]}
    onResponderTerminationRequest={[Function]}
    onStartShouldSetResponder={[Function]}
    style={
      Array [
        Object {
          "backgroundColor": "transparent",
        },
        undefined,
      ]
    }
    testID={undefined}
    tvParallaxProperties={undefined}
  >
    <View
      style={
        Array [
          Object {
            "alignItems": "center",
            "backgroundColor": "#9E9E9E",
            "flexDirection": "row",
            "justifyContent": "center",
            "marginLeft": 15,
            "marginRight": 15,
            "padding": 19,
          },
          undefined,
          undefined,
          undefined,
          undefined,
          undefined,
          undefined,
          undefined,
          undefined,
          Object {
            "padding": 12,
          },
          undefined,
          undefined,
          undefined,
        ]
      }
    >
      <Text
        accessible={true}
        allowFontScaling={false}
        ellipsizeMode="tail"
        style={
          Array [
            Object {
              "color": "white",
              "fontSize": 18,
            },
            Array [
              Object {
                "marginRight": 10,
              },
              undefined,
            ],
            Object {
              "fontFamily": "FontAwesome",
              "fontStyle": "normal",
              "fontWeight": "normal",
            },
          ]
        }
      >
        ï€…
      </Text>
      <Text
        accessible={true}
        allowFontScaling={true}
        ellipsizeMode="tail"
        style={
          Array [
            Object {},
            undefined,
            undefined,
            undefined,
            undefined,
            undefined,
            undefined,
            undefined,
            undefined,
            undefined,
            Array [
              Object {
                "color": "white",
                "fontSize": 20,
              },
              undefined,
              Object {
                "fontSize": 17.5,
              },
              undefined,
              undefined,
              undefined,
              undefined,
            ],
          ]
        }
      >
        undefined stars 
      </Text>
    </View>
  </View>
  <View
    accessibilityComponentType={undefined}
    accessibilityLabel={undefined}
    accessibilityTraits={undefined}
    accessible={true}
    hasTVPreferredFocus={undefined}
    hitSlop={undefined}
    isTVSelectable={true}
    onLayout={undefined}
    onResponderGrant={[Function]}
    onResponderMove={[Function]}
    onResponderRelease={[Function]}
    onResponderTerminate={[Function]}
    onResponderTerminationRequest={[Function]}
    onStartShouldSetResponder={[Function]}
    style={
      Array [
        Object {
          "backgroundColor": "transparent",
        },
        undefined,
      ]
    }
    testID={undefined}
    tvParallaxProperties={undefined}
  >
    <View
      style={
        Array [
          Object {
            "alignItems": "center",
            "backgroundColor": "#9E9E9E",
            "flexDirection": "row",
            "justifyContent": "center",
            "marginLeft": 15,
            "marginRight": 15,
            "padding": 19,
          },
          undefined,
          undefined,
          undefined,
          undefined,
          undefined,
          undefined,
          undefined,
          undefined,
          Object {
            "padding": 12,
          },
          undefined,
          undefined,
          undefined,
        ]
      }
    >
      <Text
        accessible={true}
        allowFontScaling={true}
        ellipsizeMode="tail"
        style={
          Array [
            Object {},
            undefined,
            undefined,
            undefined,
            undefined,
            undefined,
            undefined,
            undefined,
            undefined,
            undefined,
            Array [
              Object {
                "color": "white",
                "fontSize": 20,
              },
              undefined,
              Object {
                "fontSize": 17.5,
              },
              undefined,
              undefined,
              undefined,
              undefined,
            ],
          ]
        }
      >
        Star us on github! It really helps us out
      </Text>
    </View>
  </View>
</View>
`;

exports[`Storyshots StarsContainer with text 1`] = `
<View
  style={
    Object {
      "alignItems": "center",
      "backgroundColor": "#F5FCFF",
      "flex": 1,
      "justifyContent": "center",
    }
  }
>
  <View
    accessibilityComponentType={undefined}
    accessibilityLabel={undefined}
    accessibilityTraits={undefined}
    accessible={true}
    hasTVPreferredFocus={undefined}
    hitSlop={undefined}
    isTVSelectable={true}
    onLayout={undefined}
    onResponderGrant={[Function]}
    onResponderMove={[Function]}
    onResponderRelease={[Function]}
    onResponderTerminate={[Function]}
    onResponderTerminationRequest={[Function]}
    onStartShouldSetResponder={[Function]}
    style={
      Array [
        Object {
          "backgroundColor": "transparent",
        },
        undefined,
      ]
    }
    testID={undefined}
    tvParallaxProperties={undefined}
  >
    <View
      style={
        Array [
          Object {
            "alignItems": "center",
            "backgroundColor": "#9E9E9E",
            "flexDirection": "row",
            "justifyContent": "center",
            "marginLeft": 15,
            "marginRight": 15,
            "padding": 19,
          },
          undefined,
          undefined,
          undefined,
          undefined,
          undefined,
          undefined,
          undefined,
          undefined,
          Object {
            "padding": 12,
          },
          undefined,
          undefined,
          undefined,
        ]
      }
    >
      <Text
        accessible={true}
        allowFontScaling={false}
        ellipsizeMode="tail"
        style={
          Array [
            Object {
              "color": "white",
              "fontSize": 18,
            },
            Array [
              Object {
                "marginRight": 10,
              },
              undefined,
            ],
            Object {
              "fontFamily": "FontAwesome",
              "fontStyle": "normal",
              "fontWeight": "normal",
            },
          ]
        }
      >
        ï€…
      </Text>
      <Text
        accessible={true}
        allowFontScaling={true}
        ellipsizeMode="tail"
        style={
          Array [
            Object {},
            undefined,
            undefined,
            undefined,
            undefined,
            undefined,
            undefined,
            undefined,
            undefined,
            undefined,
            Array [
              Object {
                "color": "white",
                "fontSize": 20,
              },
              undefined,
              Object {
                "fontSize": 17.5,
              },
              undefined,
              undefined,
              undefined,
              undefined,
            ],
          ]
        }
      >
        7 stars 
      </Text>
    </View>
  </View>
  <View
    accessibilityComponentType={undefined}
    accessibilityLabel={undefined}
    accessibilityTraits={undefined}
    accessible={true}
    hasTVPreferredFocus={undefined}
    hitSlop={undefined}
    isTVSelectable={true}
    onLayout={undefined}
    onResponderGrant={[Function]}
    onResponderMove={[Function]}
    onResponderRelease={[Function]}
    onResponderTerminate={[Function]}
    onResponderTerminationRequest={[Function]}
    onStartShouldSetResponder={[Function]}
    style={
      Array [
        Object {
          "backgroundColor": "transparent",
        },
        undefined,
      ]
    }
    testID={undefined}
    tvParallaxProperties={undefined}
  >
    <View
      style={
        Array [
          Object {
            "alignItems": "center",
            "backgroundColor": "#9E9E9E",
            "flexDirection": "row",
            "justifyContent": "center",
            "marginLeft": 15,
            "marginRight": 15,
            "padding": 19,
          },
          undefined,
          undefined,
          undefined,
          undefined,
          undefined,
          undefined,
          undefined,
          undefined,
          Object {
            "padding": 12,
          },
          undefined,
          undefined,
          undefined,
        ]
      }
    >
      <Text
        accessible={true}
        allowFontScaling={true}
        ellipsizeMode="tail"
        style={
          Array [
            Object {},
            undefined,
            undefined,
            undefined,
            undefined,
            undefined,
            undefined,
            undefined,
            undefined,
            undefined,
            Array [
              Object {
                "color": "white",
                "fontSize": 20,
              },
              undefined,
              Object {
                "fontSize": 17.5,
              },
              undefined,
              undefined,
              undefined,
              undefined,
            ],
          ]
        }
      >
        Star us on github! It really helps us out
      </Text>
    </View>
  </View>
</View>
`;
